[2024-11-13 21:09:25] local.INFO: Начало импорта инвентаря, количество строк: 1  
[2024-11-13 21:09:25] local.INFO: Обработка строки: 0  
[2024-11-13 21:09:25] local.INFO: Инвентарный номер: AAA777777777  
[2024-11-13 21:09:25] local.WARNING: Не найдено здание для строки 0  
[2024-11-13 21:09:25] local.INFO: Импорт завершен  
[2024-11-13 21:09:25] local.INFO: Начало импорта инвентаря, количество строк: 2  
[2024-11-13 21:09:25] local.INFO: Обработка строки: 0  
[2024-11-13 21:09:25] local.INFO: Инвентарный номер: отсутствует  
[2024-11-13 21:09:25] local.WARNING: Пропуск строки 0: inv_number отсутствует  
[2024-11-13 21:09:25] local.INFO: Обработка строки: 1  
[2024-11-13 21:09:25] local.INFO: Инвентарный номер: отсутствует  
[2024-11-13 21:09:25] local.WARNING: Пропуск строки 1: inv_number отсутствует  
[2024-11-13 21:09:25] local.INFO: Импорт завершен  
[2024-11-13 21:09:25] local.INFO: Начало импорта инвентаря, количество строк: 84  
[2024-11-13 21:09:25] local.INFO: Обработка строки: 0  
[2024-11-13 21:09:25] local.INFO: Инвентарный номер: отсутствует  
[2024-11-13 21:09:25] local.WARNING: Пропуск строки 0: inv_number отсутствует  
[2024-11-13 21:09:25] local.INFO: Обработка строки: 1  
[2024-11-13 21:09:25] local.INFO: Инвентарный номер: отсутствует  
[2024-11-13 21:09:25] local.WARNING: Пропуск строки 1: inv_number отсутствует  
[2024-11-13 21:09:25] local.INFO: Обработка строки: 2  
[2024-11-13 21:09:25] local.INFO: Инвентарный номер: отсутствует  
[2024-11-13 21:09:25] local.WARNING: Пропуск строки 2: inv_number отсутствует  
[2024-11-13 21:09:25] local.INFO: Обработка строки: 3  
[2024-11-13 21:09:25] local.INFO: Инвентарный номер: отсутствует  
[2024-11-13 21:09:25] local.WARNING: Пропуск строки 3: inv_number отсутствует  
[2024-11-13 21:09:25] local.INFO: Обработка строки: 4  
[2024-11-13 21:09:25] local.INFO: Инвентарный номер: отсутствует  
[2024-11-13 21:09:25] local.WARNING: Пропуск строки 4: inv_number отсутствует  
[2024-11-13 21:09:25] local.INFO: Обработка строки: 5  
[2024-11-13 21:09:25] local.INFO: Инвентарный номер: отсутствует  
[2024-11-13 21:09:25] local.WARNING: Пропуск строки 5: inv_number отсутствует  
[2024-11-13 21:09:25] local.INFO: Обработка строки: 6  
[2024-11-13 21:09:25] local.INFO: Инвентарный номер: отсутствует  
[2024-11-13 21:09:25] local.WARNING: Пропуск строки 6: inv_number отсутствует  
[2024-11-13 21:09:25] local.INFO: Обработка строки: 7  
[2024-11-13 21:09:25] local.INFO: Инвентарный номер: отсутствует  
[2024-11-13 21:09:25] local.WARNING: Пропуск строки 7: inv_number отсутствует  
[2024-11-13 21:09:25] local.INFO: Обработка строки: 8  
[2024-11-13 21:09:25] local.INFO: Инвентарный номер: отсутствует  
[2024-11-13 21:09:25] local.WARNING: Пропуск строки 8: inv_number отсутствует  
[2024-11-13 21:09:25] local.INFO: Обработка строки: 9  
[2024-11-13 21:09:25] local.INFO: Инвентарный номер: отсутствует  
[2024-11-13 21:09:25] local.WARNING: Пропуск строки 9: inv_number отсутствует  
[2024-11-13 21:09:25] local.INFO: Обработка строки: 10  
[2024-11-13 21:09:25] local.INFO: Инвентарный номер: отсутствует  
[2024-11-13 21:09:25] local.WARNING: Пропуск строки 10: inv_number отсутствует  
[2024-11-13 21:09:25] local.INFO: Обработка строки: 11  
[2024-11-13 21:09:25] local.INFO: Инвентарный номер: отсутствует  
[2024-11-13 21:09:25] local.WARNING: Пропуск строки 11: inv_number отсутствует  
[2024-11-13 21:09:25] local.INFO: Обработка строки: 12  
[2024-11-13 21:09:25] local.INFO: Инвентарный номер: отсутствует  
[2024-11-13 21:09:25] local.WARNING: Пропуск строки 12: inv_number отсутствует  
[2024-11-13 21:09:25] local.INFO: Обработка строки: 13  
[2024-11-13 21:09:25] local.INFO: Инвентарный номер: отсутствует  
[2024-11-13 21:09:25] local.WARNING: Пропуск строки 13: inv_number отсутствует  
[2024-11-13 21:09:25] local.INFO: Обработка строки: 14  
[2024-11-13 21:09:25] local.INFO: Инвентарный номер: отсутствует  
[2024-11-13 21:09:25] local.WARNING: Пропуск строки 14: inv_number отсутствует  
[2024-11-13 21:09:25] local.INFO: Обработка строки: 15  
[2024-11-13 21:09:25] local.INFO: Инвентарный номер: отсутствует  
[2024-11-13 21:09:25] local.WARNING: Пропуск строки 15: inv_number отсутствует  
[2024-11-13 21:09:25] local.INFO: Обработка строки: 16  
[2024-11-13 21:09:25] local.INFO: Инвентарный номер: отсутствует  
[2024-11-13 21:09:25] local.WARNING: Пропуск строки 16: inv_number отсутствует  
[2024-11-13 21:09:25] local.INFO: Обработка строки: 17  
[2024-11-13 21:09:25] local.INFO: Инвентарный номер: отсутствует  
[2024-11-13 21:09:25] local.WARNING: Пропуск строки 17: inv_number отсутствует  
[2024-11-13 21:09:25] local.INFO: Обработка строки: 18  
[2024-11-13 21:09:25] local.INFO: Инвентарный номер: отсутствует  
[2024-11-13 21:09:25] local.WARNING: Пропуск строки 18: inv_number отсутствует  
[2024-11-13 21:09:25] local.INFO: Обработка строки: 19  
[2024-11-13 21:09:25] local.INFO: Инвентарный номер: отсутствует  
[2024-11-13 21:09:25] local.WARNING: Пропуск строки 19: inv_number отсутствует  
[2024-11-13 21:09:25] local.INFO: Обработка строки: 20  
[2024-11-13 21:09:25] local.INFO: Инвентарный номер: отсутствует  
[2024-11-13 21:09:25] local.WARNING: Пропуск строки 20: inv_number отсутствует  
[2024-11-13 21:09:25] local.INFO: Обработка строки: 21  
[2024-11-13 21:09:25] local.INFO: Инвентарный номер: отсутствует  
[2024-11-13 21:09:25] local.WARNING: Пропуск строки 21: inv_number отсутствует  
[2024-11-13 21:09:25] local.INFO: Обработка строки: 22  
[2024-11-13 21:09:25] local.INFO: Инвентарный номер: отсутствует  
[2024-11-13 21:09:25] local.WARNING: Пропуск строки 22: inv_number отсутствует  
[2024-11-13 21:09:25] local.INFO: Обработка строки: 23  
[2024-11-13 21:09:25] local.INFO: Инвентарный номер: отсутствует  
[2024-11-13 21:09:25] local.WARNING: Пропуск строки 23: inv_number отсутствует  
[2024-11-13 21:09:25] local.INFO: Обработка строки: 24  
[2024-11-13 21:09:25] local.INFO: Инвентарный номер: отсутствует  
[2024-11-13 21:09:25] local.WARNING: Пропуск строки 24: inv_number отсутствует  
[2024-11-13 21:09:25] local.INFO: Обработка строки: 25  
[2024-11-13 21:09:25] local.INFO: Инвентарный номер: отсутствует  
[2024-11-13 21:09:25] local.WARNING: Пропуск строки 25: inv_number отсутствует  
[2024-11-13 21:09:25] local.INFO: Обработка строки: 26  
[2024-11-13 21:09:25] local.INFO: Инвентарный номер: отсутствует  
[2024-11-13 21:09:25] local.WARNING: Пропуск строки 26: inv_number отсутствует  
[2024-11-13 21:09:25] local.INFO: Обработка строки: 27  
[2024-11-13 21:09:25] local.INFO: Инвентарный номер: отсутствует  
[2024-11-13 21:09:25] local.WARNING: Пропуск строки 27: inv_number отсутствует  
[2024-11-13 21:09:25] local.INFO: Обработка строки: 28  
[2024-11-13 21:09:25] local.INFO: Инвентарный номер: отсутствует  
[2024-11-13 21:09:25] local.WARNING: Пропуск строки 28: inv_number отсутствует  
[2024-11-13 21:09:25] local.INFO: Обработка строки: 29  
[2024-11-13 21:09:25] local.INFO: Инвентарный номер: отсутствует  
[2024-11-13 21:09:25] local.WARNING: Пропуск строки 29: inv_number отсутствует  
[2024-11-13 21:09:25] local.INFO: Обработка строки: 30  
[2024-11-13 21:09:25] local.INFO: Инвентарный номер: отсутствует  
[2024-11-13 21:09:25] local.WARNING: Пропуск строки 30: inv_number отсутствует  
[2024-11-13 21:09:25] local.INFO: Обработка строки: 31  
[2024-11-13 21:09:25] local.INFO: Инвентарный номер: отсутствует  
[2024-11-13 21:09:25] local.WARNING: Пропуск строки 31: inv_number отсутствует  
[2024-11-13 21:09:25] local.INFO: Обработка строки: 32  
[2024-11-13 21:09:25] local.INFO: Инвентарный номер: отсутствует  
[2024-11-13 21:09:25] local.WARNING: Пропуск строки 32: inv_number отсутствует  
[2024-11-13 21:09:25] local.INFO: Обработка строки: 33  
[2024-11-13 21:09:25] local.INFO: Инвентарный номер: отсутствует  
[2024-11-13 21:09:25] local.WARNING: Пропуск строки 33: inv_number отсутствует  
[2024-11-13 21:09:25] local.INFO: Обработка строки: 34  
[2024-11-13 21:09:25] local.INFO: Инвентарный номер: отсутствует  
[2024-11-13 21:09:25] local.WARNING: Пропуск строки 34: inv_number отсутствует  
[2024-11-13 21:09:25] local.INFO: Обработка строки: 35  
[2024-11-13 21:09:25] local.INFO: Инвентарный номер: отсутствует  
[2024-11-13 21:09:25] local.WARNING: Пропуск строки 35: inv_number отсутствует  
[2024-11-13 21:09:25] local.INFO: Обработка строки: 36  
[2024-11-13 21:09:25] local.INFO: Инвентарный номер: отсутствует  
[2024-11-13 21:09:25] local.WARNING: Пропуск строки 36: inv_number отсутствует  
[2024-11-13 21:09:25] local.INFO: Обработка строки: 37  
[2024-11-13 21:09:25] local.INFO: Инвентарный номер: отсутствует  
[2024-11-13 21:09:25] local.WARNING: Пропуск строки 37: inv_number отсутствует  
[2024-11-13 21:09:25] local.INFO: Обработка строки: 38  
[2024-11-13 21:09:25] local.INFO: Инвентарный номер: отсутствует  
[2024-11-13 21:09:25] local.WARNING: Пропуск строки 38: inv_number отсутствует  
[2024-11-13 21:09:25] local.INFO: Обработка строки: 39  
[2024-11-13 21:09:25] local.INFO: Инвентарный номер: отсутствует  
[2024-11-13 21:09:25] local.WARNING: Пропуск строки 39: inv_number отсутствует  
[2024-11-13 21:09:25] local.INFO: Обработка строки: 40  
[2024-11-13 21:09:25] local.INFO: Инвентарный номер: отсутствует  
[2024-11-13 21:09:25] local.WARNING: Пропуск строки 40: inv_number отсутствует  
[2024-11-13 21:09:25] local.INFO: Обработка строки: 41  
[2024-11-13 21:09:25] local.INFO: Инвентарный номер: отсутствует  
[2024-11-13 21:09:25] local.WARNING: Пропуск строки 41: inv_number отсутствует  
[2024-11-13 21:09:25] local.INFO: Обработка строки: 42  
[2024-11-13 21:09:25] local.INFO: Инвентарный номер: отсутствует  
[2024-11-13 21:09:25] local.WARNING: Пропуск строки 42: inv_number отсутствует  
[2024-11-13 21:09:25] local.INFO: Обработка строки: 43  
[2024-11-13 21:09:25] local.INFO: Инвентарный номер: отсутствует  
[2024-11-13 21:09:25] local.WARNING: Пропуск строки 43: inv_number отсутствует  
[2024-11-13 21:09:25] local.INFO: Обработка строки: 44  
[2024-11-13 21:09:25] local.INFO: Инвентарный номер: отсутствует  
[2024-11-13 21:09:25] local.WARNING: Пропуск строки 44: inv_number отсутствует  
[2024-11-13 21:09:25] local.INFO: Обработка строки: 45  
[2024-11-13 21:09:25] local.INFO: Инвентарный номер: отсутствует  
[2024-11-13 21:09:25] local.WARNING: Пропуск строки 45: inv_number отсутствует  
[2024-11-13 21:09:25] local.INFO: Обработка строки: 46  
[2024-11-13 21:09:25] local.INFO: Инвентарный номер: отсутствует  
[2024-11-13 21:09:25] local.WARNING: Пропуск строки 46: inv_number отсутствует  
[2024-11-13 21:09:25] local.INFO: Обработка строки: 47  
[2024-11-13 21:09:25] local.INFO: Инвентарный номер: отсутствует  
[2024-11-13 21:09:25] local.WARNING: Пропуск строки 47: inv_number отсутствует  
[2024-11-13 21:09:25] local.INFO: Обработка строки: 48  
[2024-11-13 21:09:25] local.INFO: Инвентарный номер: отсутствует  
[2024-11-13 21:09:25] local.WARNING: Пропуск строки 48: inv_number отсутствует  
[2024-11-13 21:09:25] local.INFO: Обработка строки: 49  
[2024-11-13 21:09:25] local.INFO: Инвентарный номер: отсутствует  
[2024-11-13 21:09:25] local.WARNING: Пропуск строки 49: inv_number отсутствует  
[2024-11-13 21:09:25] local.INFO: Обработка строки: 50  
[2024-11-13 21:09:25] local.INFO: Инвентарный номер: отсутствует  
[2024-11-13 21:09:25] local.WARNING: Пропуск строки 50: inv_number отсутствует  
[2024-11-13 21:09:25] local.INFO: Обработка строки: 51  
[2024-11-13 21:09:25] local.INFO: Инвентарный номер: отсутствует  
[2024-11-13 21:09:25] local.WARNING: Пропуск строки 51: inv_number отсутствует  
[2024-11-13 21:09:25] local.INFO: Обработка строки: 52  
[2024-11-13 21:09:25] local.INFO: Инвентарный номер: отсутствует  
[2024-11-13 21:09:25] local.WARNING: Пропуск строки 52: inv_number отсутствует  
[2024-11-13 21:09:25] local.INFO: Обработка строки: 53  
[2024-11-13 21:09:25] local.INFO: Инвентарный номер: отсутствует  
[2024-11-13 21:09:25] local.WARNING: Пропуск строки 53: inv_number отсутствует  
[2024-11-13 21:09:25] local.INFO: Обработка строки: 54  
[2024-11-13 21:09:25] local.INFO: Инвентарный номер: отсутствует  
[2024-11-13 21:09:25] local.WARNING: Пропуск строки 54: inv_number отсутствует  
[2024-11-13 21:09:25] local.INFO: Обработка строки: 55  
[2024-11-13 21:09:25] local.INFO: Инвентарный номер: отсутствует  
[2024-11-13 21:09:25] local.WARNING: Пропуск строки 55: inv_number отсутствует  
[2024-11-13 21:09:25] local.INFO: Обработка строки: 56  
[2024-11-13 21:09:25] local.INFO: Инвентарный номер: отсутствует  
[2024-11-13 21:09:25] local.WARNING: Пропуск строки 56: inv_number отсутствует  
[2024-11-13 21:09:25] local.INFO: Обработка строки: 57  
[2024-11-13 21:09:25] local.INFO: Инвентарный номер: отсутствует  
[2024-11-13 21:09:25] local.WARNING: Пропуск строки 57: inv_number отсутствует  
[2024-11-13 21:09:25] local.INFO: Обработка строки: 58  
[2024-11-13 21:09:25] local.INFO: Инвентарный номер: отсутствует  
[2024-11-13 21:09:25] local.WARNING: Пропуск строки 58: inv_number отсутствует  
[2024-11-13 21:09:25] local.INFO: Обработка строки: 59  
[2024-11-13 21:09:25] local.INFO: Инвентарный номер: отсутствует  
[2024-11-13 21:09:25] local.WARNING: Пропуск строки 59: inv_number отсутствует  
[2024-11-13 21:09:25] local.INFO: Обработка строки: 60  
[2024-11-13 21:09:25] local.INFO: Инвентарный номер: отсутствует  
[2024-11-13 21:09:25] local.WARNING: Пропуск строки 60: inv_number отсутствует  
[2024-11-13 21:09:25] local.INFO: Обработка строки: 61  
[2024-11-13 21:09:25] local.INFO: Инвентарный номер: отсутствует  
[2024-11-13 21:09:25] local.WARNING: Пропуск строки 61: inv_number отсутствует  
[2024-11-13 21:09:25] local.INFO: Обработка строки: 62  
[2024-11-13 21:09:25] local.INFO: Инвентарный номер: отсутствует  
[2024-11-13 21:09:25] local.WARNING: Пропуск строки 62: inv_number отсутствует  
[2024-11-13 21:09:25] local.INFO: Обработка строки: 63  
[2024-11-13 21:09:25] local.INFO: Инвентарный номер: отсутствует  
[2024-11-13 21:09:25] local.WARNING: Пропуск строки 63: inv_number отсутствует  
[2024-11-13 21:09:25] local.INFO: Обработка строки: 64  
[2024-11-13 21:09:25] local.INFO: Инвентарный номер: отсутствует  
[2024-11-13 21:09:25] local.WARNING: Пропуск строки 64: inv_number отсутствует  
[2024-11-13 21:09:25] local.INFO: Обработка строки: 65  
[2024-11-13 21:09:25] local.INFO: Инвентарный номер: отсутствует  
[2024-11-13 21:09:25] local.WARNING: Пропуск строки 65: inv_number отсутствует  
[2024-11-13 21:09:25] local.INFO: Обработка строки: 66  
[2024-11-13 21:09:25] local.INFO: Инвентарный номер: отсутствует  
[2024-11-13 21:09:25] local.WARNING: Пропуск строки 66: inv_number отсутствует  
[2024-11-13 21:09:25] local.INFO: Обработка строки: 67  
[2024-11-13 21:09:25] local.INFO: Инвентарный номер: отсутствует  
[2024-11-13 21:09:25] local.WARNING: Пропуск строки 67: inv_number отсутствует  
[2024-11-13 21:09:25] local.INFO: Обработка строки: 68  
[2024-11-13 21:09:25] local.INFO: Инвентарный номер: отсутствует  
[2024-11-13 21:09:25] local.WARNING: Пропуск строки 68: inv_number отсутствует  
[2024-11-13 21:09:25] local.INFO: Обработка строки: 69  
[2024-11-13 21:09:25] local.INFO: Инвентарный номер: отсутствует  
[2024-11-13 21:09:25] local.WARNING: Пропуск строки 69: inv_number отсутствует  
[2024-11-13 21:09:25] local.INFO: Обработка строки: 70  
[2024-11-13 21:09:25] local.INFO: Инвентарный номер: отсутствует  
[2024-11-13 21:09:25] local.WARNING: Пропуск строки 70: inv_number отсутствует  
[2024-11-13 21:09:25] local.INFO: Обработка строки: 71  
[2024-11-13 21:09:25] local.INFO: Инвентарный номер: отсутствует  
[2024-11-13 21:09:25] local.WARNING: Пропуск строки 71: inv_number отсутствует  
[2024-11-13 21:09:25] local.INFO: Обработка строки: 72  
[2024-11-13 21:09:25] local.INFO: Инвентарный номер: отсутствует  
[2024-11-13 21:09:25] local.WARNING: Пропуск строки 72: inv_number отсутствует  
[2024-11-13 21:09:25] local.INFO: Обработка строки: 73  
[2024-11-13 21:09:25] local.INFO: Инвентарный номер: отсутствует  
[2024-11-13 21:09:25] local.WARNING: Пропуск строки 73: inv_number отсутствует  
[2024-11-13 21:09:25] local.INFO: Обработка строки: 74  
[2024-11-13 21:09:25] local.INFO: Инвентарный номер: отсутствует  
[2024-11-13 21:09:25] local.WARNING: Пропуск строки 74: inv_number отсутствует  
[2024-11-13 21:09:25] local.INFO: Обработка строки: 75  
[2024-11-13 21:09:25] local.INFO: Инвентарный номер: отсутствует  
[2024-11-13 21:09:25] local.WARNING: Пропуск строки 75: inv_number отсутствует  
[2024-11-13 21:09:25] local.INFO: Обработка строки: 76  
[2024-11-13 21:09:25] local.INFO: Инвентарный номер: отсутствует  
[2024-11-13 21:09:25] local.WARNING: Пропуск строки 76: inv_number отсутствует  
[2024-11-13 21:09:25] local.INFO: Обработка строки: 77  
[2024-11-13 21:09:25] local.INFO: Инвентарный номер: отсутствует  
[2024-11-13 21:09:25] local.WARNING: Пропуск строки 77: inv_number отсутствует  
[2024-11-13 21:09:25] local.INFO: Обработка строки: 78  
[2024-11-13 21:09:25] local.INFO: Инвентарный номер: отсутствует  
[2024-11-13 21:09:25] local.WARNING: Пропуск строки 78: inv_number отсутствует  
[2024-11-13 21:09:25] local.INFO: Обработка строки: 79  
[2024-11-13 21:09:25] local.INFO: Инвентарный номер: отсутствует  
[2024-11-13 21:09:25] local.WARNING: Пропуск строки 79: inv_number отсутствует  
[2024-11-13 21:09:25] local.INFO: Обработка строки: 80  
[2024-11-13 21:09:25] local.INFO: Инвентарный номер: отсутствует  
[2024-11-13 21:09:25] local.WARNING: Пропуск строки 80: inv_number отсутствует  
[2024-11-13 21:09:25] local.INFO: Обработка строки: 81  
[2024-11-13 21:09:25] local.INFO: Инвентарный номер: отсутствует  
[2024-11-13 21:09:25] local.WARNING: Пропуск строки 81: inv_number отсутствует  
[2024-11-13 21:09:25] local.INFO: Обработка строки: 82  
[2024-11-13 21:09:25] local.INFO: Инвентарный номер: отсутствует  
[2024-11-13 21:09:25] local.WARNING: Пропуск строки 82: inv_number отсутствует  
[2024-11-13 21:09:25] local.INFO: Обработка строки: 83  
[2024-11-13 21:09:25] local.INFO: Инвентарный номер: отсутствует  
[2024-11-13 21:09:25] local.WARNING: Пропуск строки 83: inv_number отсутствует  
[2024-11-13 21:09:25] local.INFO: Импорт завершен  
[2024-11-13 21:09:25] local.INFO: Начало импорта инвентаря, количество строк: 5  
[2024-11-13 21:09:25] local.INFO: Обработка строки: 0  
[2024-11-13 21:09:25] local.INFO: Инвентарный номер: отсутствует  
[2024-11-13 21:09:25] local.WARNING: Пропуск строки 0: inv_number отсутствует  
[2024-11-13 21:09:25] local.INFO: Обработка строки: 1  
[2024-11-13 21:09:25] local.INFO: Инвентарный номер: отсутствует  
[2024-11-13 21:09:25] local.WARNING: Пропуск строки 1: inv_number отсутствует  
[2024-11-13 21:09:25] local.INFO: Обработка строки: 2  
[2024-11-13 21:09:25] local.INFO: Инвентарный номер: отсутствует  
[2024-11-13 21:09:25] local.WARNING: Пропуск строки 2: inv_number отсутствует  
[2024-11-13 21:09:25] local.INFO: Обработка строки: 3  
[2024-11-13 21:09:25] local.INFO: Инвентарный номер: отсутствует  
[2024-11-13 21:09:25] local.WARNING: Пропуск строки 3: inv_number отсутствует  
[2024-11-13 21:09:25] local.INFO: Обработка строки: 4  
[2024-11-13 21:09:25] local.INFO: Инвентарный номер: отсутствует  
[2024-11-13 21:09:25] local.WARNING: Пропуск строки 4: inv_number отсутствует  
[2024-11-13 21:09:25] local.INFO: Импорт завершен  
[2024-11-13 21:09:25] local.INFO: Начало импорта инвентаря, количество строк: 16  
[2024-11-13 21:09:25] local.INFO: Обработка строки: 0  
[2024-11-13 21:09:25] local.INFO: Инвентарный номер: отсутствует  
[2024-11-13 21:09:25] local.WARNING: Пропуск строки 0: inv_number отсутствует  
[2024-11-13 21:09:25] local.INFO: Обработка строки: 1  
[2024-11-13 21:09:25] local.INFO: Инвентарный номер: отсутствует  
[2024-11-13 21:09:25] local.WARNING: Пропуск строки 1: inv_number отсутствует  
[2024-11-13 21:09:25] local.INFO: Обработка строки: 2  
[2024-11-13 21:09:25] local.INFO: Инвентарный номер: отсутствует  
[2024-11-13 21:09:25] local.WARNING: Пропуск строки 2: inv_number отсутствует  
[2024-11-13 21:09:25] local.INFO: Обработка строки: 3  
[2024-11-13 21:09:25] local.INFO: Инвентарный номер: отсутствует  
[2024-11-13 21:09:25] local.WARNING: Пропуск строки 3: inv_number отсутствует  
[2024-11-13 21:09:25] local.INFO: Обработка строки: 4  
[2024-11-13 21:09:25] local.INFO: Инвентарный номер: отсутствует  
[2024-11-13 21:09:25] local.WARNING: Пропуск строки 4: inv_number отсутствует  
[2024-11-13 21:09:25] local.INFO: Обработка строки: 5  
[2024-11-13 21:09:25] local.INFO: Инвентарный номер: отсутствует  
[2024-11-13 21:09:25] local.WARNING: Пропуск строки 5: inv_number отсутствует  
[2024-11-13 21:09:25] local.INFO: Обработка строки: 6  
[2024-11-13 21:09:25] local.INFO: Инвентарный номер: отсутствует  
[2024-11-13 21:09:25] local.WARNING: Пропуск строки 6: inv_number отсутствует  
[2024-11-13 21:09:25] local.INFO: Обработка строки: 7  
[2024-11-13 21:09:25] local.INFO: Инвентарный номер: отсутствует  
[2024-11-13 21:09:25] local.WARNING: Пропуск строки 7: inv_number отсутствует  
[2024-11-13 21:09:25] local.INFO: Обработка строки: 8  
[2024-11-13 21:09:25] local.INFO: Инвентарный номер: отсутствует  
[2024-11-13 21:09:25] local.WARNING: Пропуск строки 8: inv_number отсутствует  
[2024-11-13 21:09:25] local.INFO: Обработка строки: 9  
[2024-11-13 21:09:25] local.INFO: Инвентарный номер: отсутствует  
[2024-11-13 21:09:25] local.WARNING: Пропуск строки 9: inv_number отсутствует  
[2024-11-13 21:09:25] local.INFO: Обработка строки: 10  
[2024-11-13 21:09:25] local.INFO: Инвентарный номер: отсутствует  
[2024-11-13 21:09:25] local.WARNING: Пропуск строки 10: inv_number отсутствует  
[2024-11-13 21:09:25] local.INFO: Обработка строки: 11  
[2024-11-13 21:09:25] local.INFO: Инвентарный номер: отсутствует  
[2024-11-13 21:09:25] local.WARNING: Пропуск строки 11: inv_number отсутствует  
[2024-11-13 21:09:25] local.INFO: Обработка строки: 12  
[2024-11-13 21:09:25] local.INFO: Инвентарный номер: отсутствует  
[2024-11-13 21:09:25] local.WARNING: Пропуск строки 12: inv_number отсутствует  
[2024-11-13 21:09:25] local.INFO: Обработка строки: 13  
[2024-11-13 21:09:25] local.INFO: Инвентарный номер: отсутствует  
[2024-11-13 21:09:25] local.WARNING: Пропуск строки 13: inv_number отсутствует  
[2024-11-13 21:09:25] local.INFO: Обработка строки: 14  
[2024-11-13 21:09:25] local.INFO: Инвентарный номер: отсутствует  
[2024-11-13 21:09:25] local.WARNING: Пропуск строки 14: inv_number отсутствует  
[2024-11-13 21:09:25] local.INFO: Обработка строки: 15  
[2024-11-13 21:09:25] local.INFO: Инвентарный номер: отсутствует  
[2024-11-13 21:09:25] local.WARNING: Пропуск строки 15: inv_number отсутствует  
[2024-11-13 21:09:25] local.INFO: Импорт завершен  
[2024-11-13 21:13:29] local.INFO: Начало импорта инвентаря, количество строк: 1  
[2024-11-13 21:13:29] local.INFO: Обработка строки: 0  
[2024-11-13 21:13:29] local.INFO: Инвентарный номер: AAA777777777  
[2024-11-13 21:13:29] local.WARNING: Не найдено здание для строки 0  
[2024-11-13 21:13:29] local.INFO: Импорт завершен  
[2024-11-13 21:13:29] local.INFO: Начало импорта инвентаря, количество строк: 2  
[2024-11-13 21:13:29] local.INFO: Обработка строки: 0  
[2024-11-13 21:13:29] local.INFO: Инвентарный номер: отсутствует  
[2024-11-13 21:13:29] local.WARNING: Пропуск строки 0: inv_number отсутствует  
[2024-11-13 21:13:29] local.INFO: Обработка строки: 1  
[2024-11-13 21:13:29] local.INFO: Инвентарный номер: отсутствует  
[2024-11-13 21:13:29] local.WARNING: Пропуск строки 1: inv_number отсутствует  
[2024-11-13 21:13:29] local.INFO: Импорт завершен  
[2024-11-13 21:13:29] local.INFO: Начало импорта инвентаря, количество строк: 84  
[2024-11-13 21:13:29] local.INFO: Обработка строки: 0  
[2024-11-13 21:13:29] local.INFO: Инвентарный номер: отсутствует  
[2024-11-13 21:13:29] local.WARNING: Пропуск строки 0: inv_number отсутствует  
[2024-11-13 21:13:29] local.INFO: Обработка строки: 1  
[2024-11-13 21:13:29] local.INFO: Инвентарный номер: отсутствует  
[2024-11-13 21:13:29] local.WARNING: Пропуск строки 1: inv_number отсутствует  
[2024-11-13 21:13:29] local.INFO: Обработка строки: 2  
[2024-11-13 21:13:29] local.INFO: Инвентарный номер: отсутствует  
[2024-11-13 21:13:29] local.WARNING: Пропуск строки 2: inv_number отсутствует  
[2024-11-13 21:13:29] local.INFO: Обработка строки: 3  
[2024-11-13 21:13:29] local.INFO: Инвентарный номер: отсутствует  
[2024-11-13 21:13:29] local.WARNING: Пропуск строки 3: inv_number отсутствует  
[2024-11-13 21:13:29] local.INFO: Обработка строки: 4  
[2024-11-13 21:13:29] local.INFO: Инвентарный номер: отсутствует  
[2024-11-13 21:13:29] local.WARNING: Пропуск строки 4: inv_number отсутствует  
[2024-11-13 21:13:29] local.INFO: Обработка строки: 5  
[2024-11-13 21:13:29] local.INFO: Инвентарный номер: отсутствует  
[2024-11-13 21:13:29] local.WARNING: Пропуск строки 5: inv_number отсутствует  
[2024-11-13 21:13:29] local.INFO: Обработка строки: 6  
[2024-11-13 21:13:29] local.INFO: Инвентарный номер: отсутствует  
[2024-11-13 21:13:29] local.WARNING: Пропуск строки 6: inv_number отсутствует  
[2024-11-13 21:13:29] local.INFO: Обработка строки: 7  
[2024-11-13 21:13:29] local.INFO: Инвентарный номер: отсутствует  
[2024-11-13 21:13:29] local.WARNING: Пропуск строки 7: inv_number отсутствует  
[2024-11-13 21:13:29] local.INFO: Обработка строки: 8  
[2024-11-13 21:13:29] local.INFO: Инвентарный номер: отсутствует  
[2024-11-13 21:13:29] local.WARNING: Пропуск строки 8: inv_number отсутствует  
[2024-11-13 21:13:29] local.INFO: Обработка строки: 9  
[2024-11-13 21:13:29] local.INFO: Инвентарный номер: отсутствует  
[2024-11-13 21:13:29] local.WARNING: Пропуск строки 9: inv_number отсутствует  
[2024-11-13 21:13:29] local.INFO: Обработка строки: 10  
[2024-11-13 21:13:29] local.INFO: Инвентарный номер: отсутствует  
[2024-11-13 21:13:29] local.WARNING: Пропуск строки 10: inv_number отсутствует  
[2024-11-13 21:13:29] local.INFO: Обработка строки: 11  
[2024-11-13 21:13:29] local.INFO: Инвентарный номер: отсутствует  
[2024-11-13 21:13:29] local.WARNING: Пропуск строки 11: inv_number отсутствует  
[2024-11-13 21:13:29] local.INFO: Обработка строки: 12  
[2024-11-13 21:13:29] local.INFO: Инвентарный номер: отсутствует  
[2024-11-13 21:13:29] local.WARNING: Пропуск строки 12: inv_number отсутствует  
[2024-11-13 21:13:29] local.INFO: Обработка строки: 13  
[2024-11-13 21:13:29] local.INFO: Инвентарный номер: отсутствует  
[2024-11-13 21:13:29] local.WARNING: Пропуск строки 13: inv_number отсутствует  
[2024-11-13 21:13:29] local.INFO: Обработка строки: 14  
[2024-11-13 21:13:29] local.INFO: Инвентарный номер: отсутствует  
[2024-11-13 21:13:29] local.WARNING: Пропуск строки 14: inv_number отсутствует  
[2024-11-13 21:13:29] local.INFO: Обработка строки: 15  
[2024-11-13 21:13:29] local.INFO: Инвентарный номер: отсутствует  
[2024-11-13 21:13:29] local.WARNING: Пропуск строки 15: inv_number отсутствует  
[2024-11-13 21:13:29] local.INFO: Обработка строки: 16  
[2024-11-13 21:13:29] local.INFO: Инвентарный номер: отсутствует  
[2024-11-13 21:13:29] local.WARNING: Пропуск строки 16: inv_number отсутствует  
[2024-11-13 21:13:29] local.INFO: Обработка строки: 17  
[2024-11-13 21:13:29] local.INFO: Инвентарный номер: отсутствует  
[2024-11-13 21:13:29] local.WARNING: Пропуск строки 17: inv_number отсутствует  
[2024-11-13 21:13:29] local.INFO: Обработка строки: 18  
[2024-11-13 21:13:29] local.INFO: Инвентарный номер: отсутствует  
[2024-11-13 21:13:29] local.WARNING: Пропуск строки 18: inv_number отсутствует  
[2024-11-13 21:13:29] local.INFO: Обработка строки: 19  
[2024-11-13 21:13:29] local.INFO: Инвентарный номер: отсутствует  
[2024-11-13 21:13:29] local.WARNING: Пропуск строки 19: inv_number отсутствует  
[2024-11-13 21:13:29] local.INFO: Обработка строки: 20  
[2024-11-13 21:13:29] local.INFO: Инвентарный номер: отсутствует  
[2024-11-13 21:13:29] local.WARNING: Пропуск строки 20: inv_number отсутствует  
[2024-11-13 21:13:29] local.INFO: Обработка строки: 21  
[2024-11-13 21:13:29] local.INFO: Инвентарный номер: отсутствует  
[2024-11-13 21:13:29] local.WARNING: Пропуск строки 21: inv_number отсутствует  
[2024-11-13 21:13:29] local.INFO: Обработка строки: 22  
[2024-11-13 21:13:29] local.INFO: Инвентарный номер: отсутствует  
[2024-11-13 21:13:29] local.WARNING: Пропуск строки 22: inv_number отсутствует  
[2024-11-13 21:13:29] local.INFO: Обработка строки: 23  
[2024-11-13 21:13:29] local.INFO: Инвентарный номер: отсутствует  
[2024-11-13 21:13:29] local.WARNING: Пропуск строки 23: inv_number отсутствует  
[2024-11-13 21:13:29] local.INFO: Обработка строки: 24  
[2024-11-13 21:13:29] local.INFO: Инвентарный номер: отсутствует  
[2024-11-13 21:13:29] local.WARNING: Пропуск строки 24: inv_number отсутствует  
[2024-11-13 21:13:29] local.INFO: Обработка строки: 25  
[2024-11-13 21:13:29] local.INFO: Инвентарный номер: отсутствует  
[2024-11-13 21:13:29] local.WARNING: Пропуск строки 25: inv_number отсутствует  
[2024-11-13 21:13:29] local.INFO: Обработка строки: 26  
[2024-11-13 21:13:29] local.INFO: Инвентарный номер: отсутствует  
[2024-11-13 21:13:29] local.WARNING: Пропуск строки 26: inv_number отсутствует  
[2024-11-13 21:13:29] local.INFO: Обработка строки: 27  
[2024-11-13 21:13:29] local.INFO: Инвентарный номер: отсутствует  
[2024-11-13 21:13:29] local.WARNING: Пропуск строки 27: inv_number отсутствует  
[2024-11-13 21:13:29] local.INFO: Обработка строки: 28  
[2024-11-13 21:13:29] local.INFO: Инвентарный номер: отсутствует  
[2024-11-13 21:13:29] local.WARNING: Пропуск строки 28: inv_number отсутствует  
[2024-11-13 21:13:29] local.INFO: Обработка строки: 29  
[2024-11-13 21:13:29] local.INFO: Инвентарный номер: отсутствует  
[2024-11-13 21:13:29] local.WARNING: Пропуск строки 29: inv_number отсутствует  
[2024-11-13 21:13:29] local.INFO: Обработка строки: 30  
[2024-11-13 21:13:29] local.INFO: Инвентарный номер: отсутствует  
[2024-11-13 21:13:29] local.WARNING: Пропуск строки 30: inv_number отсутствует  
[2024-11-13 21:13:29] local.INFO: Обработка строки: 31  
[2024-11-13 21:13:29] local.INFO: Инвентарный номер: отсутствует  
[2024-11-13 21:13:29] local.WARNING: Пропуск строки 31: inv_number отсутствует  
[2024-11-13 21:13:29] local.INFO: Обработка строки: 32  
[2024-11-13 21:13:29] local.INFO: Инвентарный номер: отсутствует  
[2024-11-13 21:13:29] local.WARNING: Пропуск строки 32: inv_number отсутствует  
[2024-11-13 21:13:29] local.INFO: Обработка строки: 33  
[2024-11-13 21:13:29] local.INFO: Инвентарный номер: отсутствует  
[2024-11-13 21:13:29] local.WARNING: Пропуск строки 33: inv_number отсутствует  
[2024-11-13 21:13:29] local.INFO: Обработка строки: 34  
[2024-11-13 21:13:29] local.INFO: Инвентарный номер: отсутствует  
[2024-11-13 21:13:29] local.WARNING: Пропуск строки 34: inv_number отсутствует  
[2024-11-13 21:13:29] local.INFO: Обработка строки: 35  
[2024-11-13 21:13:29] local.INFO: Инвентарный номер: отсутствует  
[2024-11-13 21:13:29] local.WARNING: Пропуск строки 35: inv_number отсутствует  
[2024-11-13 21:13:29] local.INFO: Обработка строки: 36  
[2024-11-13 21:13:29] local.INFO: Инвентарный номер: отсутствует  
[2024-11-13 21:13:29] local.WARNING: Пропуск строки 36: inv_number отсутствует  
[2024-11-13 21:13:29] local.INFO: Обработка строки: 37  
[2024-11-13 21:13:29] local.INFO: Инвентарный номер: отсутствует  
[2024-11-13 21:13:29] local.WARNING: Пропуск строки 37: inv_number отсутствует  
[2024-11-13 21:13:29] local.INFO: Обработка строки: 38  
[2024-11-13 21:13:29] local.INFO: Инвентарный номер: отсутствует  
[2024-11-13 21:13:29] local.WARNING: Пропуск строки 38: inv_number отсутствует  
[2024-11-13 21:13:29] local.INFO: Обработка строки: 39  
[2024-11-13 21:13:29] local.INFO: Инвентарный номер: отсутствует  
[2024-11-13 21:13:29] local.WARNING: Пропуск строки 39: inv_number отсутствует  
[2024-11-13 21:13:29] local.INFO: Обработка строки: 40  
[2024-11-13 21:13:29] local.INFO: Инвентарный номер: отсутствует  
[2024-11-13 21:13:29] local.WARNING: Пропуск строки 40: inv_number отсутствует  
[2024-11-13 21:13:29] local.INFO: Обработка строки: 41  
[2024-11-13 21:13:29] local.INFO: Инвентарный номер: отсутствует  
[2024-11-13 21:13:29] local.WARNING: Пропуск строки 41: inv_number отсутствует  
[2024-11-13 21:13:29] local.INFO: Обработка строки: 42  
[2024-11-13 21:13:29] local.INFO: Инвентарный номер: отсутствует  
[2024-11-13 21:13:29] local.WARNING: Пропуск строки 42: inv_number отсутствует  
[2024-11-13 21:13:29] local.INFO: Обработка строки: 43  
[2024-11-13 21:13:29] local.INFO: Инвентарный номер: отсутствует  
[2024-11-13 21:13:29] local.WARNING: Пропуск строки 43: inv_number отсутствует  
[2024-11-13 21:13:29] local.INFO: Обработка строки: 44  
[2024-11-13 21:13:29] local.INFO: Инвентарный номер: отсутствует  
[2024-11-13 21:13:29] local.WARNING: Пропуск строки 44: inv_number отсутствует  
[2024-11-13 21:13:29] local.INFO: Обработка строки: 45  
[2024-11-13 21:13:29] local.INFO: Инвентарный номер: отсутствует  
[2024-11-13 21:13:29] local.WARNING: Пропуск строки 45: inv_number отсутствует  
[2024-11-13 21:13:29] local.INFO: Обработка строки: 46  
[2024-11-13 21:13:29] local.INFO: Инвентарный номер: отсутствует  
[2024-11-13 21:13:29] local.WARNING: Пропуск строки 46: inv_number отсутствует  
[2024-11-13 21:13:29] local.INFO: Обработка строки: 47  
[2024-11-13 21:13:29] local.INFO: Инвентарный номер: отсутствует  
[2024-11-13 21:13:29] local.WARNING: Пропуск строки 47: inv_number отсутствует  
[2024-11-13 21:13:29] local.INFO: Обработка строки: 48  
[2024-11-13 21:13:29] local.INFO: Инвентарный номер: отсутствует  
[2024-11-13 21:13:29] local.WARNING: Пропуск строки 48: inv_number отсутствует  
[2024-11-13 21:13:29] local.INFO: Обработка строки: 49  
[2024-11-13 21:13:29] local.INFO: Инвентарный номер: отсутствует  
[2024-11-13 21:13:29] local.WARNING: Пропуск строки 49: inv_number отсутствует  
[2024-11-13 21:13:29] local.INFO: Обработка строки: 50  
[2024-11-13 21:13:29] local.INFO: Инвентарный номер: отсутствует  
[2024-11-13 21:13:29] local.WARNING: Пропуск строки 50: inv_number отсутствует  
[2024-11-13 21:13:29] local.INFO: Обработка строки: 51  
[2024-11-13 21:13:29] local.INFO: Инвентарный номер: отсутствует  
[2024-11-13 21:13:29] local.WARNING: Пропуск строки 51: inv_number отсутствует  
[2024-11-13 21:13:29] local.INFO: Обработка строки: 52  
[2024-11-13 21:13:29] local.INFO: Инвентарный номер: отсутствует  
[2024-11-13 21:13:29] local.WARNING: Пропуск строки 52: inv_number отсутствует  
[2024-11-13 21:13:29] local.INFO: Обработка строки: 53  
[2024-11-13 21:13:29] local.INFO: Инвентарный номер: отсутствует  
[2024-11-13 21:13:29] local.WARNING: Пропуск строки 53: inv_number отсутствует  
[2024-11-13 21:13:29] local.INFO: Обработка строки: 54  
[2024-11-13 21:13:29] local.INFO: Инвентарный номер: отсутствует  
[2024-11-13 21:13:29] local.WARNING: Пропуск строки 54: inv_number отсутствует  
[2024-11-13 21:13:29] local.INFO: Обработка строки: 55  
[2024-11-13 21:13:29] local.INFO: Инвентарный номер: отсутствует  
[2024-11-13 21:13:29] local.WARNING: Пропуск строки 55: inv_number отсутствует  
[2024-11-13 21:13:29] local.INFO: Обработка строки: 56  
[2024-11-13 21:13:29] local.INFO: Инвентарный номер: отсутствует  
[2024-11-13 21:13:29] local.WARNING: Пропуск строки 56: inv_number отсутствует  
[2024-11-13 21:13:29] local.INFO: Обработка строки: 57  
[2024-11-13 21:13:29] local.INFO: Инвентарный номер: отсутствует  
[2024-11-13 21:13:29] local.WARNING: Пропуск строки 57: inv_number отсутствует  
[2024-11-13 21:13:29] local.INFO: Обработка строки: 58  
[2024-11-13 21:13:29] local.INFO: Инвентарный номер: отсутствует  
[2024-11-13 21:13:29] local.WARNING: Пропуск строки 58: inv_number отсутствует  
[2024-11-13 21:13:29] local.INFO: Обработка строки: 59  
[2024-11-13 21:13:29] local.INFO: Инвентарный номер: отсутствует  
[2024-11-13 21:13:29] local.WARNING: Пропуск строки 59: inv_number отсутствует  
[2024-11-13 21:13:29] local.INFO: Обработка строки: 60  
[2024-11-13 21:13:29] local.INFO: Инвентарный номер: отсутствует  
[2024-11-13 21:13:29] local.WARNING: Пропуск строки 60: inv_number отсутствует  
[2024-11-13 21:13:29] local.INFO: Обработка строки: 61  
[2024-11-13 21:13:29] local.INFO: Инвентарный номер: отсутствует  
[2024-11-13 21:13:29] local.WARNING: Пропуск строки 61: inv_number отсутствует  
[2024-11-13 21:13:29] local.INFO: Обработка строки: 62  
[2024-11-13 21:13:29] local.INFO: Инвентарный номер: отсутствует  
[2024-11-13 21:13:29] local.WARNING: Пропуск строки 62: inv_number отсутствует  
[2024-11-13 21:13:29] local.INFO: Обработка строки: 63  
[2024-11-13 21:13:29] local.INFO: Инвентарный номер: отсутствует  
[2024-11-13 21:13:29] local.WARNING: Пропуск строки 63: inv_number отсутствует  
[2024-11-13 21:13:29] local.INFO: Обработка строки: 64  
[2024-11-13 21:13:29] local.INFO: Инвентарный номер: отсутствует  
[2024-11-13 21:13:29] local.WARNING: Пропуск строки 64: inv_number отсутствует  
[2024-11-13 21:13:29] local.INFO: Обработка строки: 65  
[2024-11-13 21:13:29] local.INFO: Инвентарный номер: отсутствует  
[2024-11-13 21:13:29] local.WARNING: Пропуск строки 65: inv_number отсутствует  
[2024-11-13 21:13:29] local.INFO: Обработка строки: 66  
[2024-11-13 21:13:29] local.INFO: Инвентарный номер: отсутствует  
[2024-11-13 21:13:29] local.WARNING: Пропуск строки 66: inv_number отсутствует  
[2024-11-13 21:13:29] local.INFO: Обработка строки: 67  
[2024-11-13 21:13:29] local.INFO: Инвентарный номер: отсутствует  
[2024-11-13 21:13:29] local.WARNING: Пропуск строки 67: inv_number отсутствует  
[2024-11-13 21:13:29] local.INFO: Обработка строки: 68  
[2024-11-13 21:13:29] local.INFO: Инвентарный номер: отсутствует  
[2024-11-13 21:13:29] local.WARNING: Пропуск строки 68: inv_number отсутствует  
[2024-11-13 21:13:29] local.INFO: Обработка строки: 69  
[2024-11-13 21:13:29] local.INFO: Инвентарный номер: отсутствует  
[2024-11-13 21:13:29] local.WARNING: Пропуск строки 69: inv_number отсутствует  
[2024-11-13 21:13:29] local.INFO: Обработка строки: 70  
[2024-11-13 21:13:29] local.INFO: Инвентарный номер: отсутствует  
[2024-11-13 21:13:29] local.WARNING: Пропуск строки 70: inv_number отсутствует  
[2024-11-13 21:13:29] local.INFO: Обработка строки: 71  
[2024-11-13 21:13:29] local.INFO: Инвентарный номер: отсутствует  
[2024-11-13 21:13:29] local.WARNING: Пропуск строки 71: inv_number отсутствует  
[2024-11-13 21:13:29] local.INFO: Обработка строки: 72  
[2024-11-13 21:13:29] local.INFO: Инвентарный номер: отсутствует  
[2024-11-13 21:13:29] local.WARNING: Пропуск строки 72: inv_number отсутствует  
[2024-11-13 21:13:29] local.INFO: Обработка строки: 73  
[2024-11-13 21:13:29] local.INFO: Инвентарный номер: отсутствует  
[2024-11-13 21:13:29] local.WARNING: Пропуск строки 73: inv_number отсутствует  
[2024-11-13 21:13:29] local.INFO: Обработка строки: 74  
[2024-11-13 21:13:29] local.INFO: Инвентарный номер: отсутствует  
[2024-11-13 21:13:29] local.WARNING: Пропуск строки 74: inv_number отсутствует  
[2024-11-13 21:13:29] local.INFO: Обработка строки: 75  
[2024-11-13 21:13:29] local.INFO: Инвентарный номер: отсутствует  
[2024-11-13 21:13:29] local.WARNING: Пропуск строки 75: inv_number отсутствует  
[2024-11-13 21:13:29] local.INFO: Обработка строки: 76  
[2024-11-13 21:13:29] local.INFO: Инвентарный номер: отсутствует  
[2024-11-13 21:13:29] local.WARNING: Пропуск строки 76: inv_number отсутствует  
[2024-11-13 21:13:29] local.INFO: Обработка строки: 77  
[2024-11-13 21:13:29] local.INFO: Инвентарный номер: отсутствует  
[2024-11-13 21:13:29] local.WARNING: Пропуск строки 77: inv_number отсутствует  
[2024-11-13 21:13:29] local.INFO: Обработка строки: 78  
[2024-11-13 21:13:29] local.INFO: Инвентарный номер: отсутствует  
[2024-11-13 21:13:29] local.WARNING: Пропуск строки 78: inv_number отсутствует  
[2024-11-13 21:13:29] local.INFO: Обработка строки: 79  
[2024-11-13 21:13:29] local.INFO: Инвентарный номер: отсутствует  
[2024-11-13 21:13:29] local.WARNING: Пропуск строки 79: inv_number отсутствует  
[2024-11-13 21:13:29] local.INFO: Обработка строки: 80  
[2024-11-13 21:13:29] local.INFO: Инвентарный номер: отсутствует  
[2024-11-13 21:13:29] local.WARNING: Пропуск строки 80: inv_number отсутствует  
[2024-11-13 21:13:29] local.INFO: Обработка строки: 81  
[2024-11-13 21:13:29] local.INFO: Инвентарный номер: отсутствует  
[2024-11-13 21:13:29] local.WARNING: Пропуск строки 81: inv_number отсутствует  
[2024-11-13 21:13:29] local.INFO: Обработка строки: 82  
[2024-11-13 21:13:29] local.INFO: Инвентарный номер: отсутствует  
[2024-11-13 21:13:29] local.WARNING: Пропуск строки 82: inv_number отсутствует  
[2024-11-13 21:13:29] local.INFO: Обработка строки: 83  
[2024-11-13 21:13:29] local.INFO: Инвентарный номер: отсутствует  
[2024-11-13 21:13:29] local.WARNING: Пропуск строки 83: inv_number отсутствует  
[2024-11-13 21:13:29] local.INFO: Импорт завершен  
[2024-11-13 21:13:29] local.INFO: Начало импорта инвентаря, количество строк: 5  
[2024-11-13 21:13:29] local.INFO: Обработка строки: 0  
[2024-11-13 21:13:29] local.INFO: Инвентарный номер: отсутствует  
[2024-11-13 21:13:29] local.WARNING: Пропуск строки 0: inv_number отсутствует  
[2024-11-13 21:13:29] local.INFO: Обработка строки: 1  
[2024-11-13 21:13:29] local.INFO: Инвентарный номер: отсутствует  
[2024-11-13 21:13:29] local.WARNING: Пропуск строки 1: inv_number отсутствует  
[2024-11-13 21:13:29] local.INFO: Обработка строки: 2  
[2024-11-13 21:13:29] local.INFO: Инвентарный номер: отсутствует  
[2024-11-13 21:13:29] local.WARNING: Пропуск строки 2: inv_number отсутствует  
[2024-11-13 21:13:29] local.INFO: Обработка строки: 3  
[2024-11-13 21:13:29] local.INFO: Инвентарный номер: отсутствует  
[2024-11-13 21:13:29] local.WARNING: Пропуск строки 3: inv_number отсутствует  
[2024-11-13 21:13:29] local.INFO: Обработка строки: 4  
[2024-11-13 21:13:29] local.INFO: Инвентарный номер: отсутствует  
[2024-11-13 21:13:29] local.WARNING: Пропуск строки 4: inv_number отсутствует  
[2024-11-13 21:13:29] local.INFO: Импорт завершен  
[2024-11-13 21:13:29] local.INFO: Начало импорта инвентаря, количество строк: 16  
[2024-11-13 21:13:29] local.INFO: Обработка строки: 0  
[2024-11-13 21:13:29] local.INFO: Инвентарный номер: отсутствует  
[2024-11-13 21:13:29] local.WARNING: Пропуск строки 0: inv_number отсутствует  
[2024-11-13 21:13:29] local.INFO: Обработка строки: 1  
[2024-11-13 21:13:29] local.INFO: Инвентарный номер: отсутствует  
[2024-11-13 21:13:29] local.WARNING: Пропуск строки 1: inv_number отсутствует  
[2024-11-13 21:13:29] local.INFO: Обработка строки: 2  
[2024-11-13 21:13:29] local.INFO: Инвентарный номер: отсутствует  
[2024-11-13 21:13:29] local.WARNING: Пропуск строки 2: inv_number отсутствует  
[2024-11-13 21:13:29] local.INFO: Обработка строки: 3  
[2024-11-13 21:13:29] local.INFO: Инвентарный номер: отсутствует  
[2024-11-13 21:13:29] local.WARNING: Пропуск строки 3: inv_number отсутствует  
[2024-11-13 21:13:29] local.INFO: Обработка строки: 4  
[2024-11-13 21:13:29] local.INFO: Инвентарный номер: отсутствует  
[2024-11-13 21:13:29] local.WARNING: Пропуск строки 4: inv_number отсутствует  
[2024-11-13 21:13:29] local.INFO: Обработка строки: 5  
[2024-11-13 21:13:29] local.INFO: Инвентарный номер: отсутствует  
[2024-11-13 21:13:29] local.WARNING: Пропуск строки 5: inv_number отсутствует  
[2024-11-13 21:13:29] local.INFO: Обработка строки: 6  
[2024-11-13 21:13:29] local.INFO: Инвентарный номер: отсутствует  
[2024-11-13 21:13:29] local.WARNING: Пропуск строки 6: inv_number отсутствует  
[2024-11-13 21:13:29] local.INFO: Обработка строки: 7  
[2024-11-13 21:13:29] local.INFO: Инвентарный номер: отсутствует  
[2024-11-13 21:13:29] local.WARNING: Пропуск строки 7: inv_number отсутствует  
[2024-11-13 21:13:29] local.INFO: Обработка строки: 8  
[2024-11-13 21:13:29] local.INFO: Инвентарный номер: отсутствует  
[2024-11-13 21:13:29] local.WARNING: Пропуск строки 8: inv_number отсутствует  
[2024-11-13 21:13:29] local.INFO: Обработка строки: 9  
[2024-11-13 21:13:29] local.INFO: Инвентарный номер: отсутствует  
[2024-11-13 21:13:29] local.WARNING: Пропуск строки 9: inv_number отсутствует  
[2024-11-13 21:13:29] local.INFO: Обработка строки: 10  
[2024-11-13 21:13:29] local.INFO: Инвентарный номер: отсутствует  
[2024-11-13 21:13:29] local.WARNING: Пропуск строки 10: inv_number отсутствует  
[2024-11-13 21:13:29] local.INFO: Обработка строки: 11  
[2024-11-13 21:13:29] local.INFO: Инвентарный номер: отсутствует  
[2024-11-13 21:13:29] local.WARNING: Пропуск строки 11: inv_number отсутствует  
[2024-11-13 21:13:29] local.INFO: Обработка строки: 12  
[2024-11-13 21:13:29] local.INFO: Инвентарный номер: отсутствует  
[2024-11-13 21:13:29] local.WARNING: Пропуск строки 12: inv_number отсутствует  
[2024-11-13 21:13:29] local.INFO: Обработка строки: 13  
[2024-11-13 21:13:29] local.INFO: Инвентарный номер: отсутствует  
[2024-11-13 21:13:29] local.WARNING: Пропуск строки 13: inv_number отсутствует  
[2024-11-13 21:13:29] local.INFO: Обработка строки: 14  
[2024-11-13 21:13:29] local.INFO: Инвентарный номер: отсутствует  
[2024-11-13 21:13:29] local.WARNING: Пропуск строки 14: inv_number отсутствует  
[2024-11-13 21:13:29] local.INFO: Обработка строки: 15  
[2024-11-13 21:13:29] local.INFO: Инвентарный номер: отсутствует  
[2024-11-13 21:13:29] local.WARNING: Пропуск строки 15: inv_number отсутствует  
[2024-11-13 21:13:29] local.INFO: Импорт завершен  
[2024-11-14 09:41:15] local.INFO: Начало импорта инвентаря, количество строк: 2  
[2024-11-14 09:41:15] local.INFO: Обработка строки: 0  
[2024-11-14 09:41:15] local.INFO: Инвентарный номер: AAA99999988  
[2024-11-14 09:41:15] local.INFO: Успешно добавлена запись с inv_number: AAA99999988  
[2024-11-14 09:41:15] local.INFO: Обработка строки: 1  
[2024-11-14 09:41:15] local.INFO: Инвентарный номер: AAA999999999  
[2024-11-14 09:41:15] local.INFO: Успешно добавлена запись с inv_number: AAA999999999  
[2024-11-14 09:41:15] local.INFO: Импорт завершен  
[2024-11-14 09:41:15] local.INFO: Начало импорта инвентаря, количество строк: 2  
[2024-11-14 09:41:15] local.INFO: Обработка строки: 0  
[2024-11-14 09:41:15] local.INFO: Инвентарный номер: отсутствует  
[2024-11-14 09:41:15] local.WARNING: Пропуск строки 0: inv_number отсутствует  
[2024-11-14 09:41:15] local.INFO: Обработка строки: 1  
[2024-11-14 09:41:15] local.INFO: Инвентарный номер: отсутствует  
[2024-11-14 09:41:15] local.WARNING: Пропуск строки 1: inv_number отсутствует  
[2024-11-14 09:41:15] local.INFO: Импорт завершен  
[2024-11-14 09:41:15] local.INFO: Начало импорта инвентаря, количество строк: 84  
[2024-11-14 09:41:15] local.INFO: Обработка строки: 0  
[2024-11-14 09:41:15] local.INFO: Инвентарный номер: отсутствует  
[2024-11-14 09:41:15] local.WARNING: Пропуск строки 0: inv_number отсутствует  
[2024-11-14 09:41:15] local.INFO: Обработка строки: 1  
[2024-11-14 09:41:15] local.INFO: Инвентарный номер: отсутствует  
[2024-11-14 09:41:15] local.WARNING: Пропуск строки 1: inv_number отсутствует  
[2024-11-14 09:41:15] local.INFO: Обработка строки: 2  
[2024-11-14 09:41:15] local.INFO: Инвентарный номер: отсутствует  
[2024-11-14 09:41:15] local.WARNING: Пропуск строки 2: inv_number отсутствует  
[2024-11-14 09:41:15] local.INFO: Обработка строки: 3  
[2024-11-14 09:41:15] local.INFO: Инвентарный номер: отсутствует  
[2024-11-14 09:41:15] local.WARNING: Пропуск строки 3: inv_number отсутствует  
[2024-11-14 09:41:15] local.INFO: Обработка строки: 4  
[2024-11-14 09:41:15] local.INFO: Инвентарный номер: отсутствует  
[2024-11-14 09:41:15] local.WARNING: Пропуск строки 4: inv_number отсутствует  
[2024-11-14 09:41:15] local.INFO: Обработка строки: 5  
[2024-11-14 09:41:15] local.INFO: Инвентарный номер: отсутствует  
[2024-11-14 09:41:15] local.WARNING: Пропуск строки 5: inv_number отсутствует  
[2024-11-14 09:41:15] local.INFO: Обработка строки: 6  
[2024-11-14 09:41:15] local.INFO: Инвентарный номер: отсутствует  
[2024-11-14 09:41:15] local.WARNING: Пропуск строки 6: inv_number отсутствует  
[2024-11-14 09:41:15] local.INFO: Обработка строки: 7  
[2024-11-14 09:41:15] local.INFO: Инвентарный номер: отсутствует  
[2024-11-14 09:41:15] local.WARNING: Пропуск строки 7: inv_number отсутствует  
[2024-11-14 09:41:15] local.INFO: Обработка строки: 8  
[2024-11-14 09:41:15] local.INFO: Инвентарный номер: отсутствует  
[2024-11-14 09:41:15] local.WARNING: Пропуск строки 8: inv_number отсутствует  
[2024-11-14 09:41:15] local.INFO: Обработка строки: 9  
[2024-11-14 09:41:15] local.INFO: Инвентарный номер: отсутствует  
[2024-11-14 09:41:15] local.WARNING: Пропуск строки 9: inv_number отсутствует  
[2024-11-14 09:41:15] local.INFO: Обработка строки: 10  
[2024-11-14 09:41:15] local.INFO: Инвентарный номер: отсутствует  
[2024-11-14 09:41:15] local.WARNING: Пропуск строки 10: inv_number отсутствует  
[2024-11-14 09:41:15] local.INFO: Обработка строки: 11  
[2024-11-14 09:41:15] local.INFO: Инвентарный номер: отсутствует  
[2024-11-14 09:41:15] local.WARNING: Пропуск строки 11: inv_number отсутствует  
[2024-11-14 09:41:15] local.INFO: Обработка строки: 12  
[2024-11-14 09:41:15] local.INFO: Инвентарный номер: отсутствует  
[2024-11-14 09:41:15] local.WARNING: Пропуск строки 12: inv_number отсутствует  
[2024-11-14 09:41:15] local.INFO: Обработка строки: 13  
[2024-11-14 09:41:15] local.INFO: Инвентарный номер: отсутствует  
[2024-11-14 09:41:15] local.WARNING: Пропуск строки 13: inv_number отсутствует  
[2024-11-14 09:41:15] local.INFO: Обработка строки: 14  
[2024-11-14 09:41:15] local.INFO: Инвентарный номер: отсутствует  
[2024-11-14 09:41:15] local.WARNING: Пропуск строки 14: inv_number отсутствует  
[2024-11-14 09:41:15] local.INFO: Обработка строки: 15  
[2024-11-14 09:41:15] local.INFO: Инвентарный номер: отсутствует  
[2024-11-14 09:41:15] local.WARNING: Пропуск строки 15: inv_number отсутствует  
[2024-11-14 09:41:15] local.INFO: Обработка строки: 16  
[2024-11-14 09:41:15] local.INFO: Инвентарный номер: отсутствует  
[2024-11-14 09:41:15] local.WARNING: Пропуск строки 16: inv_number отсутствует  
[2024-11-14 09:41:15] local.INFO: Обработка строки: 17  
[2024-11-14 09:41:15] local.INFO: Инвентарный номер: отсутствует  
[2024-11-14 09:41:16] local.WARNING: Пропуск строки 17: inv_number отсутствует  
[2024-11-14 09:41:16] local.INFO: Обработка строки: 18  
[2024-11-14 09:41:16] local.INFO: Инвентарный номер: отсутствует  
[2024-11-14 09:41:16] local.WARNING: Пропуск строки 18: inv_number отсутствует  
[2024-11-14 09:41:16] local.INFO: Обработка строки: 19  
[2024-11-14 09:41:16] local.INFO: Инвентарный номер: отсутствует  
[2024-11-14 09:41:16] local.WARNING: Пропуск строки 19: inv_number отсутствует  
[2024-11-14 09:41:16] local.INFO: Обработка строки: 20  
[2024-11-14 09:41:16] local.INFO: Инвентарный номер: отсутствует  
[2024-11-14 09:41:16] local.WARNING: Пропуск строки 20: inv_number отсутствует  
[2024-11-14 09:41:16] local.INFO: Обработка строки: 21  
[2024-11-14 09:41:16] local.INFO: Инвентарный номер: отсутствует  
[2024-11-14 09:41:16] local.WARNING: Пропуск строки 21: inv_number отсутствует  
[2024-11-14 09:41:16] local.INFO: Обработка строки: 22  
[2024-11-14 09:41:16] local.INFO: Инвентарный номер: отсутствует  
[2024-11-14 09:41:16] local.WARNING: Пропуск строки 22: inv_number отсутствует  
[2024-11-14 09:41:16] local.INFO: Обработка строки: 23  
[2024-11-14 09:41:16] local.INFO: Инвентарный номер: отсутствует  
[2024-11-14 09:41:16] local.WARNING: Пропуск строки 23: inv_number отсутствует  
[2024-11-14 09:41:16] local.INFO: Обработка строки: 24  
[2024-11-14 09:41:16] local.INFO: Инвентарный номер: отсутствует  
[2024-11-14 09:41:16] local.WARNING: Пропуск строки 24: inv_number отсутствует  
[2024-11-14 09:41:16] local.INFO: Обработка строки: 25  
[2024-11-14 09:41:16] local.INFO: Инвентарный номер: отсутствует  
[2024-11-14 09:41:16] local.WARNING: Пропуск строки 25: inv_number отсутствует  
[2024-11-14 09:41:16] local.INFO: Обработка строки: 26  
[2024-11-14 09:41:16] local.INFO: Инвентарный номер: отсутствует  
[2024-11-14 09:41:16] local.WARNING: Пропуск строки 26: inv_number отсутствует  
[2024-11-14 09:41:16] local.INFO: Обработка строки: 27  
[2024-11-14 09:41:16] local.INFO: Инвентарный номер: отсутствует  
[2024-11-14 09:41:16] local.WARNING: Пропуск строки 27: inv_number отсутствует  
[2024-11-14 09:41:16] local.INFO: Обработка строки: 28  
[2024-11-14 09:41:16] local.INFO: Инвентарный номер: отсутствует  
[2024-11-14 09:41:16] local.WARNING: Пропуск строки 28: inv_number отсутствует  
[2024-11-14 09:41:16] local.INFO: Обработка строки: 29  
[2024-11-14 09:41:16] local.INFO: Инвентарный номер: отсутствует  
[2024-11-14 09:41:16] local.WARNING: Пропуск строки 29: inv_number отсутствует  
[2024-11-14 09:41:16] local.INFO: Обработка строки: 30  
[2024-11-14 09:41:16] local.INFO: Инвентарный номер: отсутствует  
[2024-11-14 09:41:16] local.WARNING: Пропуск строки 30: inv_number отсутствует  
[2024-11-14 09:41:16] local.INFO: Обработка строки: 31  
[2024-11-14 09:41:16] local.INFO: Инвентарный номер: отсутствует  
[2024-11-14 09:41:16] local.WARNING: Пропуск строки 31: inv_number отсутствует  
[2024-11-14 09:41:16] local.INFO: Обработка строки: 32  
[2024-11-14 09:41:16] local.INFO: Инвентарный номер: отсутствует  
[2024-11-14 09:41:16] local.WARNING: Пропуск строки 32: inv_number отсутствует  
[2024-11-14 09:41:16] local.INFO: Обработка строки: 33  
[2024-11-14 09:41:16] local.INFO: Инвентарный номер: отсутствует  
[2024-11-14 09:41:16] local.WARNING: Пропуск строки 33: inv_number отсутствует  
[2024-11-14 09:41:16] local.INFO: Обработка строки: 34  
[2024-11-14 09:41:16] local.INFO: Инвентарный номер: отсутствует  
[2024-11-14 09:41:16] local.WARNING: Пропуск строки 34: inv_number отсутствует  
[2024-11-14 09:41:16] local.INFO: Обработка строки: 35  
[2024-11-14 09:41:16] local.INFO: Инвентарный номер: отсутствует  
[2024-11-14 09:41:16] local.WARNING: Пропуск строки 35: inv_number отсутствует  
[2024-11-14 09:41:16] local.INFO: Обработка строки: 36  
[2024-11-14 09:41:16] local.INFO: Инвентарный номер: отсутствует  
[2024-11-14 09:41:16] local.WARNING: Пропуск строки 36: inv_number отсутствует  
[2024-11-14 09:41:16] local.INFO: Обработка строки: 37  
[2024-11-14 09:41:16] local.INFO: Инвентарный номер: отсутствует  
[2024-11-14 09:41:16] local.WARNING: Пропуск строки 37: inv_number отсутствует  
[2024-11-14 09:41:16] local.INFO: Обработка строки: 38  
[2024-11-14 09:41:16] local.INFO: Инвентарный номер: отсутствует  
[2024-11-14 09:41:16] local.WARNING: Пропуск строки 38: inv_number отсутствует  
[2024-11-14 09:41:16] local.INFO: Обработка строки: 39  
[2024-11-14 09:41:16] local.INFO: Инвентарный номер: отсутствует  
[2024-11-14 09:41:16] local.WARNING: Пропуск строки 39: inv_number отсутствует  
[2024-11-14 09:41:16] local.INFO: Обработка строки: 40  
[2024-11-14 09:41:16] local.INFO: Инвентарный номер: отсутствует  
[2024-11-14 09:41:16] local.WARNING: Пропуск строки 40: inv_number отсутствует  
[2024-11-14 09:41:16] local.INFO: Обработка строки: 41  
[2024-11-14 09:41:16] local.INFO: Инвентарный номер: отсутствует  
[2024-11-14 09:41:16] local.WARNING: Пропуск строки 41: inv_number отсутствует  
[2024-11-14 09:41:16] local.INFO: Обработка строки: 42  
[2024-11-14 09:41:16] local.INFO: Инвентарный номер: отсутствует  
[2024-11-14 09:41:16] local.WARNING: Пропуск строки 42: inv_number отсутствует  
[2024-11-14 09:41:16] local.INFO: Обработка строки: 43  
[2024-11-14 09:41:16] local.INFO: Инвентарный номер: отсутствует  
[2024-11-14 09:41:16] local.WARNING: Пропуск строки 43: inv_number отсутствует  
[2024-11-14 09:41:16] local.INFO: Обработка строки: 44  
[2024-11-14 09:41:16] local.INFO: Инвентарный номер: отсутствует  
[2024-11-14 09:41:16] local.WARNING: Пропуск строки 44: inv_number отсутствует  
[2024-11-14 09:41:16] local.INFO: Обработка строки: 45  
[2024-11-14 09:41:16] local.INFO: Инвентарный номер: отсутствует  
[2024-11-14 09:41:16] local.WARNING: Пропуск строки 45: inv_number отсутствует  
[2024-11-14 09:41:16] local.INFO: Обработка строки: 46  
[2024-11-14 09:41:16] local.INFO: Инвентарный номер: отсутствует  
[2024-11-14 09:41:16] local.WARNING: Пропуск строки 46: inv_number отсутствует  
[2024-11-14 09:41:16] local.INFO: Обработка строки: 47  
[2024-11-14 09:41:16] local.INFO: Инвентарный номер: отсутствует  
[2024-11-14 09:41:16] local.WARNING: Пропуск строки 47: inv_number отсутствует  
[2024-11-14 09:41:16] local.INFO: Обработка строки: 48  
[2024-11-14 09:41:16] local.INFO: Инвентарный номер: отсутствует  
[2024-11-14 09:41:16] local.WARNING: Пропуск строки 48: inv_number отсутствует  
[2024-11-14 09:41:16] local.INFO: Обработка строки: 49  
[2024-11-14 09:41:16] local.INFO: Инвентарный номер: отсутствует  
[2024-11-14 09:41:16] local.WARNING: Пропуск строки 49: inv_number отсутствует  
[2024-11-14 09:41:16] local.INFO: Обработка строки: 50  
[2024-11-14 09:41:16] local.INFO: Инвентарный номер: отсутствует  
[2024-11-14 09:41:16] local.WARNING: Пропуск строки 50: inv_number отсутствует  
[2024-11-14 09:41:16] local.INFO: Обработка строки: 51  
[2024-11-14 09:41:16] local.INFO: Инвентарный номер: отсутствует  
[2024-11-14 09:41:16] local.WARNING: Пропуск строки 51: inv_number отсутствует  
[2024-11-14 09:41:16] local.INFO: Обработка строки: 52  
[2024-11-14 09:41:16] local.INFO: Инвентарный номер: отсутствует  
[2024-11-14 09:41:16] local.WARNING: Пропуск строки 52: inv_number отсутствует  
[2024-11-14 09:41:16] local.INFO: Обработка строки: 53  
[2024-11-14 09:41:16] local.INFO: Инвентарный номер: отсутствует  
[2024-11-14 09:41:16] local.WARNING: Пропуск строки 53: inv_number отсутствует  
[2024-11-14 09:41:16] local.INFO: Обработка строки: 54  
[2024-11-14 09:41:16] local.INFO: Инвентарный номер: отсутствует  
[2024-11-14 09:41:16] local.WARNING: Пропуск строки 54: inv_number отсутствует  
[2024-11-14 09:41:16] local.INFO: Обработка строки: 55  
[2024-11-14 09:41:16] local.INFO: Инвентарный номер: отсутствует  
[2024-11-14 09:41:16] local.WARNING: Пропуск строки 55: inv_number отсутствует  
[2024-11-14 09:41:16] local.INFO: Обработка строки: 56  
[2024-11-14 09:41:16] local.INFO: Инвентарный номер: отсутствует  
[2024-11-14 09:41:16] local.WARNING: Пропуск строки 56: inv_number отсутствует  
[2024-11-14 09:41:16] local.INFO: Обработка строки: 57  
[2024-11-14 09:41:16] local.INFO: Инвентарный номер: отсутствует  
[2024-11-14 09:41:16] local.WARNING: Пропуск строки 57: inv_number отсутствует  
[2024-11-14 09:41:16] local.INFO: Обработка строки: 58  
[2024-11-14 09:41:16] local.INFO: Инвентарный номер: отсутствует  
[2024-11-14 09:41:16] local.WARNING: Пропуск строки 58: inv_number отсутствует  
[2024-11-14 09:41:16] local.INFO: Обработка строки: 59  
[2024-11-14 09:41:16] local.INFO: Инвентарный номер: отсутствует  
[2024-11-14 09:41:16] local.WARNING: Пропуск строки 59: inv_number отсутствует  
[2024-11-14 09:41:16] local.INFO: Обработка строки: 60  
[2024-11-14 09:41:16] local.INFO: Инвентарный номер: отсутствует  
[2024-11-14 09:41:16] local.WARNING: Пропуск строки 60: inv_number отсутствует  
[2024-11-14 09:41:16] local.INFO: Обработка строки: 61  
[2024-11-14 09:41:16] local.INFO: Инвентарный номер: отсутствует  
[2024-11-14 09:41:16] local.WARNING: Пропуск строки 61: inv_number отсутствует  
[2024-11-14 09:41:16] local.INFO: Обработка строки: 62  
[2024-11-14 09:41:16] local.INFO: Инвентарный номер: отсутствует  
[2024-11-14 09:41:16] local.WARNING: Пропуск строки 62: inv_number отсутствует  
[2024-11-14 09:41:16] local.INFO: Обработка строки: 63  
[2024-11-14 09:41:16] local.INFO: Инвентарный номер: отсутствует  
[2024-11-14 09:41:16] local.WARNING: Пропуск строки 63: inv_number отсутствует  
[2024-11-14 09:41:16] local.INFO: Обработка строки: 64  
[2024-11-14 09:41:16] local.INFO: Инвентарный номер: отсутствует  
[2024-11-14 09:41:16] local.WARNING: Пропуск строки 64: inv_number отсутствует  
[2024-11-14 09:41:16] local.INFO: Обработка строки: 65  
[2024-11-14 09:41:16] local.INFO: Инвентарный номер: отсутствует  
[2024-11-14 09:41:16] local.WARNING: Пропуск строки 65: inv_number отсутствует  
[2024-11-14 09:41:16] local.INFO: Обработка строки: 66  
[2024-11-14 09:41:16] local.INFO: Инвентарный номер: отсутствует  
[2024-11-14 09:41:16] local.WARNING: Пропуск строки 66: inv_number отсутствует  
[2024-11-14 09:41:16] local.INFO: Обработка строки: 67  
[2024-11-14 09:41:16] local.INFO: Инвентарный номер: отсутствует  
[2024-11-14 09:41:16] local.WARNING: Пропуск строки 67: inv_number отсутствует  
[2024-11-14 09:41:16] local.INFO: Обработка строки: 68  
[2024-11-14 09:41:16] local.INFO: Инвентарный номер: отсутствует  
[2024-11-14 09:41:16] local.WARNING: Пропуск строки 68: inv_number отсутствует  
[2024-11-14 09:41:16] local.INFO: Обработка строки: 69  
[2024-11-14 09:41:16] local.INFO: Инвентарный номер: отсутствует  
[2024-11-14 09:41:16] local.WARNING: Пропуск строки 69: inv_number отсутствует  
[2024-11-14 09:41:16] local.INFO: Обработка строки: 70  
[2024-11-14 09:41:16] local.INFO: Инвентарный номер: отсутствует  
[2024-11-14 09:41:16] local.WARNING: Пропуск строки 70: inv_number отсутствует  
[2024-11-14 09:41:16] local.INFO: Обработка строки: 71  
[2024-11-14 09:41:16] local.INFO: Инвентарный номер: отсутствует  
[2024-11-14 09:41:16] local.WARNING: Пропуск строки 71: inv_number отсутствует  
[2024-11-14 09:41:16] local.INFO: Обработка строки: 72  
[2024-11-14 09:41:16] local.INFO: Инвентарный номер: отсутствует  
[2024-11-14 09:41:16] local.WARNING: Пропуск строки 72: inv_number отсутствует  
[2024-11-14 09:41:16] local.INFO: Обработка строки: 73  
[2024-11-14 09:41:16] local.INFO: Инвентарный номер: отсутствует  
[2024-11-14 09:41:16] local.WARNING: Пропуск строки 73: inv_number отсутствует  
[2024-11-14 09:41:16] local.INFO: Обработка строки: 74  
[2024-11-14 09:41:16] local.INFO: Инвентарный номер: отсутствует  
[2024-11-14 09:41:16] local.WARNING: Пропуск строки 74: inv_number отсутствует  
[2024-11-14 09:41:16] local.INFO: Обработка строки: 75  
[2024-11-14 09:41:16] local.INFO: Инвентарный номер: отсутствует  
[2024-11-14 09:41:16] local.WARNING: Пропуск строки 75: inv_number отсутствует  
[2024-11-14 09:41:16] local.INFO: Обработка строки: 76  
[2024-11-14 09:41:16] local.INFO: Инвентарный номер: отсутствует  
[2024-11-14 09:41:16] local.WARNING: Пропуск строки 76: inv_number отсутствует  
[2024-11-14 09:41:16] local.INFO: Обработка строки: 77  
[2024-11-14 09:41:16] local.INFO: Инвентарный номер: отсутствует  
[2024-11-14 09:41:16] local.WARNING: Пропуск строки 77: inv_number отсутствует  
[2024-11-14 09:41:16] local.INFO: Обработка строки: 78  
[2024-11-14 09:41:16] local.INFO: Инвентарный номер: отсутствует  
[2024-11-14 09:41:16] local.WARNING: Пропуск строки 78: inv_number отсутствует  
[2024-11-14 09:41:16] local.INFO: Обработка строки: 79  
[2024-11-14 09:41:16] local.INFO: Инвентарный номер: отсутствует  
[2024-11-14 09:41:16] local.WARNING: Пропуск строки 79: inv_number отсутствует  
[2024-11-14 09:41:16] local.INFO: Обработка строки: 80  
[2024-11-14 09:41:16] local.INFO: Инвентарный номер: отсутствует  
[2024-11-14 09:41:16] local.WARNING: Пропуск строки 80: inv_number отсутствует  
[2024-11-14 09:41:16] local.INFO: Обработка строки: 81  
[2024-11-14 09:41:16] local.INFO: Инвентарный номер: отсутствует  
[2024-11-14 09:41:16] local.WARNING: Пропуск строки 81: inv_number отсутствует  
[2024-11-14 09:41:16] local.INFO: Обработка строки: 82  
[2024-11-14 09:41:16] local.INFO: Инвентарный номер: отсутствует  
[2024-11-14 09:41:16] local.WARNING: Пропуск строки 82: inv_number отсутствует  
[2024-11-14 09:41:16] local.INFO: Обработка строки: 83  
[2024-11-14 09:41:16] local.INFO: Инвентарный номер: отсутствует  
[2024-11-14 09:41:16] local.WARNING: Пропуск строки 83: inv_number отсутствует  
[2024-11-14 09:41:16] local.INFO: Импорт завершен  
[2024-11-14 09:41:16] local.INFO: Начало импорта инвентаря, количество строк: 5  
[2024-11-14 09:41:16] local.INFO: Обработка строки: 0  
[2024-11-14 09:41:16] local.INFO: Инвентарный номер: отсутствует  
[2024-11-14 09:41:16] local.WARNING: Пропуск строки 0: inv_number отсутствует  
[2024-11-14 09:41:16] local.INFO: Обработка строки: 1  
[2024-11-14 09:41:16] local.INFO: Инвентарный номер: отсутствует  
[2024-11-14 09:41:16] local.WARNING: Пропуск строки 1: inv_number отсутствует  
[2024-11-14 09:41:16] local.INFO: Обработка строки: 2  
[2024-11-14 09:41:16] local.INFO: Инвентарный номер: отсутствует  
[2024-11-14 09:41:16] local.WARNING: Пропуск строки 2: inv_number отсутствует  
[2024-11-14 09:41:16] local.INFO: Обработка строки: 3  
[2024-11-14 09:41:16] local.INFO: Инвентарный номер: отсутствует  
[2024-11-14 09:41:16] local.WARNING: Пропуск строки 3: inv_number отсутствует  
[2024-11-14 09:41:16] local.INFO: Обработка строки: 4  
[2024-11-14 09:41:16] local.INFO: Инвентарный номер: отсутствует  
[2024-11-14 09:41:16] local.WARNING: Пропуск строки 4: inv_number отсутствует  
[2024-11-14 09:41:16] local.INFO: Импорт завершен  
[2024-11-14 09:41:16] local.INFO: Начало импорта инвентаря, количество строк: 16  
[2024-11-14 09:41:16] local.INFO: Обработка строки: 0  
[2024-11-14 09:41:16] local.INFO: Инвентарный номер: отсутствует  
[2024-11-14 09:41:16] local.WARNING: Пропуск строки 0: inv_number отсутствует  
[2024-11-14 09:41:16] local.INFO: Обработка строки: 1  
[2024-11-14 09:41:16] local.INFO: Инвентарный номер: отсутствует  
[2024-11-14 09:41:16] local.WARNING: Пропуск строки 1: inv_number отсутствует  
[2024-11-14 09:41:16] local.INFO: Обработка строки: 2  
[2024-11-14 09:41:16] local.INFO: Инвентарный номер: отсутствует  
[2024-11-14 09:41:16] local.WARNING: Пропуск строки 2: inv_number отсутствует  
[2024-11-14 09:41:16] local.INFO: Обработка строки: 3  
[2024-11-14 09:41:16] local.INFO: Инвентарный номер: отсутствует  
[2024-11-14 09:41:16] local.WARNING: Пропуск строки 3: inv_number отсутствует  
[2024-11-14 09:41:16] local.INFO: Обработка строки: 4  
[2024-11-14 09:41:16] local.INFO: Инвентарный номер: отсутствует  
[2024-11-14 09:41:16] local.WARNING: Пропуск строки 4: inv_number отсутствует  
[2024-11-14 09:41:16] local.INFO: Обработка строки: 5  
[2024-11-14 09:41:16] local.INFO: Инвентарный номер: отсутствует  
[2024-11-14 09:41:16] local.WARNING: Пропуск строки 5: inv_number отсутствует  
[2024-11-14 09:41:16] local.INFO: Обработка строки: 6  
[2024-11-14 09:41:16] local.INFO: Инвентарный номер: отсутствует  
[2024-11-14 09:41:16] local.WARNING: Пропуск строки 6: inv_number отсутствует  
[2024-11-14 09:41:16] local.INFO: Обработка строки: 7  
[2024-11-14 09:41:16] local.INFO: Инвентарный номер: отсутствует  
[2024-11-14 09:41:16] local.WARNING: Пропуск строки 7: inv_number отсутствует  
[2024-11-14 09:41:16] local.INFO: Обработка строки: 8  
[2024-11-14 09:41:16] local.INFO: Инвентарный номер: отсутствует  
[2024-11-14 09:41:16] local.WARNING: Пропуск строки 8: inv_number отсутствует  
[2024-11-14 09:41:16] local.INFO: Обработка строки: 9  
[2024-11-14 09:41:16] local.INFO: Инвентарный номер: отсутствует  
[2024-11-14 09:41:16] local.WARNING: Пропуск строки 9: inv_number отсутствует  
[2024-11-14 09:41:16] local.INFO: Обработка строки: 10  
[2024-11-14 09:41:16] local.INFO: Инвентарный номер: отсутствует  
[2024-11-14 09:41:16] local.WARNING: Пропуск строки 10: inv_number отсутствует  
[2024-11-14 09:41:16] local.INFO: Обработка строки: 11  
[2024-11-14 09:41:16] local.INFO: Инвентарный номер: отсутствует  
[2024-11-14 09:41:16] local.WARNING: Пропуск строки 11: inv_number отсутствует  
[2024-11-14 09:41:16] local.INFO: Обработка строки: 12  
[2024-11-14 09:41:16] local.INFO: Инвентарный номер: отсутствует  
[2024-11-14 09:41:16] local.WARNING: Пропуск строки 12: inv_number отсутствует  
[2024-11-14 09:41:16] local.INFO: Обработка строки: 13  
[2024-11-14 09:41:16] local.INFO: Инвентарный номер: отсутствует  
[2024-11-14 09:41:16] local.WARNING: Пропуск строки 13: inv_number отсутствует  
[2024-11-14 09:41:16] local.INFO: Обработка строки: 14  
[2024-11-14 09:41:16] local.INFO: Инвентарный номер: отсутствует  
[2024-11-14 09:41:16] local.WARNING: Пропуск строки 14: inv_number отсутствует  
[2024-11-14 09:41:16] local.INFO: Обработка строки: 15  
[2024-11-14 09:41:16] local.INFO: Инвентарный номер: отсутствует  
[2024-11-14 09:41:16] local.WARNING: Пропуск строки 15: inv_number отсутствует  
[2024-11-14 09:41:16] local.INFO: Импорт завершен  
[2024-11-24 11:54:11] local.ERROR: foreach() argument must be of type array|object, null given {"userId":646,"exception":"[object] (ErrorException(code: 0): foreach() argument must be of type array|object, null given at /var/www/www-root/data/www/inv.metu.kz/app/Http/Controllers/backend/MoveAndChangeController.php:253)
[stacktrace]
#0 /var/www/www-root/data/www/inv.metu.kz/vendor/laravel/framework/src/Illuminate/Foundation/Bootstrap/HandleExceptions.php(255): Illuminate\\Foundation\\Bootstrap\\HandleExceptions->handleError(2, 'foreach() argum...', '/var/www/www-ro...', 253)
#1 /var/www/www-root/data/www/inv.metu.kz/app/Http/Controllers/backend/MoveAndChangeController.php(253): Illuminate\\Foundation\\Bootstrap\\HandleExceptions->Illuminate\\Foundation\\Bootstrap\\{closure}(2, 'foreach() argum...', '/var/www/www-ro...', 253)
#2 /var/www/www-root/data/www/inv.metu.kz/vendor/laravel/framework/src/Illuminate/Routing/Controller.php(54): App\\Http\\Controllers\\backend\\MoveAndChangeController->insert(Object(Illuminate\\Http\\Request), '209')
#3 /var/www/www-root/data/www/inv.metu.kz/vendor/laravel/framework/src/Illuminate/Routing/ControllerDispatcher.php(43): Illuminate\\Routing\\Controller->callAction('insert', Array)
#4 /var/www/www-root/data/www/inv.metu.kz/vendor/laravel/framework/src/Illuminate/Routing/Route.php(260): Illuminate\\Routing\\ControllerDispatcher->dispatch(Object(Illuminate\\Routing\\Route), Object(App\\Http\\Controllers\\backend\\MoveAndChangeController), 'insert')
#5 /var/www/www-root/data/www/inv.metu.kz/vendor/laravel/framework/src/Illuminate/Routing/Route.php(205): Illuminate\\Routing\\Route->runController()
#6 /var/www/www-root/data/www/inv.metu.kz/vendor/laravel/framework/src/Illuminate/Routing/Router.php(806): Illuminate\\Routing\\Route->run()
#7 /var/www/www-root/data/www/inv.metu.kz/vendor/laravel/framework/src/Illuminate/Pipeline/Pipeline.php(144): Illuminate\\Routing\\Router->Illuminate\\Routing\\{closure}(Object(Illuminate\\Http\\Request))
#8 /var/www/www-root/data/www/inv.metu.kz/vendor/laravel/framework/src/Illuminate/Routing/Middleware/SubstituteBindings.php(50): Illuminate\\Pipeline\\Pipeline->Illuminate\\Pipeline\\{closure}(Object(Illuminate\\Http\\Request))
#9 /var/www/www-root/data/www/inv.metu.kz/vendor/laravel/framework/src/Illuminate/Pipeline/Pipeline.php(183): Illuminate\\Routing\\Middleware\\SubstituteBindings->handle(Object(Illuminate\\Http\\Request), Object(Closure))
#10 /var/www/www-root/data/www/inv.metu.kz/vendor/laravel/framework/src/Illuminate/Auth/Middleware/Authenticate.php(57): Illuminate\\Pipeline\\Pipeline->Illuminate\\Pipeline\\{closure}(Object(Illuminate\\Http\\Request))
#11 /var/www/www-root/data/www/inv.metu.kz/vendor/laravel/framework/src/Illuminate/Pipeline/Pipeline.php(183): Illuminate\\Auth\\Middleware\\Authenticate->handle(Object(Illuminate\\Http\\Request), Object(Closure))
#12 /var/www/www-root/data/www/inv.metu.kz/vendor/laravel/framework/src/Illuminate/Foundation/Http/Middleware/VerifyCsrfToken.php(78): Illuminate\\Pipeline\\Pipeline->Illuminate\\Pipeline\\{closure}(Object(Illuminate\\Http\\Request))
#13 /var/www/www-root/data/www/inv.metu.kz/vendor/laravel/framework/src/Illuminate/Pipeline/Pipeline.php(183): Illuminate\\Foundation\\Http\\Middleware\\VerifyCsrfToken->handle(Object(Illuminate\\Http\\Request), Object(Closure))
#14 /var/www/www-root/data/www/inv.metu.kz/vendor/laravel/framework/src/Illuminate/View/Middleware/ShareErrorsFromSession.php(49): Illuminate\\Pipeline\\Pipeline->Illuminate\\Pipeline\\{closure}(Object(Illuminate\\Http\\Request))
#15 /var/www/www-root/data/www/inv.metu.kz/vendor/laravel/framework/src/Illuminate/Pipeline/Pipeline.php(183): Illuminate\\View\\Middleware\\ShareErrorsFromSession->handle(Object(Illuminate\\Http\\Request), Object(Closure))
#16 /var/www/www-root/data/www/inv.metu.kz/vendor/laravel/framework/src/Illuminate/Session/Middleware/StartSession.php(121): Illuminate\\Pipeline\\Pipeline->Illuminate\\Pipeline\\{closure}(Object(Illuminate\\Http\\Request))
#17 /var/www/www-root/data/www/inv.metu.kz/vendor/laravel/framework/src/Illuminate/Session/Middleware/StartSession.php(64): Illuminate\\Session\\Middleware\\StartSession->handleStatefulRequest(Object(Illuminate\\Http\\Request), Object(Illuminate\\Session\\Store), Object(Closure))
#18 /var/www/www-root/data/www/inv.metu.kz/vendor/laravel/framework/src/Illuminate/Pipeline/Pipeline.php(183): Illuminate\\Session\\Middleware\\StartSession->handle(Object(Illuminate\\Http\\Request), Object(Closure))
#19 /var/www/www-root/data/www/inv.metu.kz/vendor/laravel/framework/src/Illuminate/Cookie/Middleware/AddQueuedCookiesToResponse.php(37): Illuminate\\Pipeline\\Pipeline->Illuminate\\Pipeline\\{closure}(Object(Illuminate\\Http\\Request))
#20 /var/www/www-root/data/www/inv.metu.kz/vendor/laravel/framework/src/Illuminate/Pipeline/Pipeline.php(183): Illuminate\\Cookie\\Middleware\\AddQueuedCookiesToResponse->handle(Object(Illuminate\\Http\\Request), Object(Closure))
#21 /var/www/www-root/data/www/inv.metu.kz/vendor/laravel/framework/src/Illuminate/Cookie/Middleware/EncryptCookies.php(67): Illuminate\\Pipeline\\Pipeline->Illuminate\\Pipeline\\{closure}(Object(Illuminate\\Http\\Request))
#22 /var/www/www-root/data/www/inv.metu.kz/vendor/laravel/framework/src/Illuminate/Pipeline/Pipeline.php(183): Illuminate\\Cookie\\Middleware\\EncryptCookies->handle(Object(Illuminate\\Http\\Request), Object(Closure))
#23 /var/www/www-root/data/www/inv.metu.kz/vendor/laravel/framework/src/Illuminate/Pipeline/Pipeline.php(119): Illuminate\\Pipeline\\Pipeline->Illuminate\\Pipeline\\{closure}(Object(Illuminate\\Http\\Request))
#24 /var/www/www-root/data/www/inv.metu.kz/vendor/laravel/framework/src/Illuminate/Routing/Router.php(807): Illuminate\\Pipeline\\Pipeline->then(Object(Closure))
#25 /var/www/www-root/data/www/inv.metu.kz/vendor/laravel/framework/src/Illuminate/Routing/Router.php(784): Illuminate\\Routing\\Router->runRouteWithinStack(Object(Illuminate\\Routing\\Route), Object(Illuminate\\Http\\Request))
#26 /var/www/www-root/data/www/inv.metu.kz/vendor/laravel/framework/src/Illuminate/Routing/Router.php(748): Illuminate\\Routing\\Router->runRoute(Object(Illuminate\\Http\\Request), Object(Illuminate\\Routing\\Route))
#27 /var/www/www-root/data/www/inv.metu.kz/vendor/laravel/framework/src/Illuminate/Routing/Router.php(737): Illuminate\\Routing\\Router->dispatchToRoute(Object(Illuminate\\Http\\Request))
#28 /var/www/www-root/data/www/inv.metu.kz/vendor/laravel/framework/src/Illuminate/Foundation/Http/Kernel.php(200): Illuminate\\Routing\\Router->dispatch(Object(Illuminate\\Http\\Request))
#29 /var/www/www-root/data/www/inv.metu.kz/vendor/laravel/framework/src/Illuminate/Pipeline/Pipeline.php(144): Illuminate\\Foundation\\Http\\Kernel->Illuminate\\Foundation\\Http\\{closure}(Object(Illuminate\\Http\\Request))
#30 /var/www/www-root/data/www/inv.metu.kz/vendor/laravel/framework/src/Illuminate/Foundation/Http/Middleware/TransformsRequest.php(21): Illuminate\\Pipeline\\Pipeline->Illuminate\\Pipeline\\{closure}(Object(Illuminate\\Http\\Request))
#31 /var/www/www-root/data/www/inv.metu.kz/vendor/laravel/framework/src/Illuminate/Foundation/Http/Middleware/ConvertEmptyStringsToNull.php(31): Illuminate\\Foundation\\Http\\Middleware\\TransformsRequest->handle(Object(Illuminate\\Http\\Request), Object(Closure))
#32 /var/www/www-root/data/www/inv.metu.kz/vendor/laravel/framework/src/Illuminate/Pipeline/Pipeline.php(183): Illuminate\\Foundation\\Http\\Middleware\\ConvertEmptyStringsToNull->handle(Object(Illuminate\\Http\\Request), Object(Closure))
#33 /var/www/www-root/data/www/inv.metu.kz/vendor/laravel/framework/src/Illuminate/Foundation/Http/Middleware/TransformsRequest.php(21): Illuminate\\Pipeline\\Pipeline->Illuminate\\Pipeline\\{closure}(Object(Illuminate\\Http\\Request))
#34 /var/www/www-root/data/www/inv.metu.kz/vendor/laravel/framework/src/Illuminate/Foundation/Http/Middleware/TrimStrings.php(40): Illuminate\\Foundation\\Http\\Middleware\\TransformsRequest->handle(Object(Illuminate\\Http\\Request), Object(Closure))
#35 /var/www/www-root/data/www/inv.metu.kz/vendor/laravel/framework/src/Illuminate/Pipeline/Pipeline.php(183): Illuminate\\Foundation\\Http\\Middleware\\TrimStrings->handle(Object(Illuminate\\Http\\Request), Object(Closure))
#36 /var/www/www-root/data/www/inv.metu.kz/vendor/laravel/framework/src/Illuminate/Foundation/Http/Middleware/ValidatePostSize.php(27): Illuminate\\Pipeline\\Pipeline->Illuminate\\Pipeline\\{closure}(Object(Illuminate\\Http\\Request))
#37 /var/www/www-root/data/www/inv.metu.kz/vendor/laravel/framework/src/Illuminate/Pipeline/Pipeline.php(183): Illuminate\\Foundation\\Http\\Middleware\\ValidatePostSize->handle(Object(Illuminate\\Http\\Request), Object(Closure))
#38 /var/www/www-root/data/www/inv.metu.kz/vendor/laravel/framework/src/Illuminate/Foundation/Http/Middleware/PreventRequestsDuringMaintenance.php(99): Illuminate\\Pipeline\\Pipeline->Illuminate\\Pipeline\\{closure}(Object(Illuminate\\Http\\Request))
#39 /var/www/www-root/data/www/inv.metu.kz/vendor/laravel/framework/src/Illuminate/Pipeline/Pipeline.php(183): Illuminate\\Foundation\\Http\\Middleware\\PreventRequestsDuringMaintenance->handle(Object(Illuminate\\Http\\Request), Object(Closure))
#40 /var/www/www-root/data/www/inv.metu.kz/vendor/laravel/framework/src/Illuminate/Http/Middleware/HandleCors.php(49): Illuminate\\Pipeline\\Pipeline->Illuminate\\Pipeline\\{closure}(Object(Illuminate\\Http\\Request))
#41 /var/www/www-root/data/www/inv.metu.kz/vendor/laravel/framework/src/Illuminate/Pipeline/Pipeline.php(183): Illuminate\\Http\\Middleware\\HandleCors->handle(Object(Illuminate\\Http\\Request), Object(Closure))
#42 /var/www/www-root/data/www/inv.metu.kz/vendor/laravel/framework/src/Illuminate/Http/Middleware/TrustProxies.php(39): Illuminate\\Pipeline\\Pipeline->Illuminate\\Pipeline\\{closure}(Object(Illuminate\\Http\\Request))
#43 /var/www/www-root/data/www/inv.metu.kz/vendor/laravel/framework/src/Illuminate/Pipeline/Pipeline.php(183): Illuminate\\Http\\Middleware\\TrustProxies->handle(Object(Illuminate\\Http\\Request), Object(Closure))
#44 /var/www/www-root/data/www/inv.metu.kz/vendor/laravel/framework/src/Illuminate/Pipeline/Pipeline.php(119): Illuminate\\Pipeline\\Pipeline->Illuminate\\Pipeline\\{closure}(Object(Illuminate\\Http\\Request))
#45 /var/www/www-root/data/www/inv.metu.kz/vendor/laravel/framework/src/Illuminate/Foundation/Http/Kernel.php(175): Illuminate\\Pipeline\\Pipeline->then(Object(Closure))
#46 /var/www/www-root/data/www/inv.metu.kz/vendor/laravel/framework/src/Illuminate/Foundation/Http/Kernel.php(144): Illuminate\\Foundation\\Http\\Kernel->sendRequestThroughRouter(Object(Illuminate\\Http\\Request))
#47 /var/www/www-root/data/www/inv.metu.kz/public/index.php(52): Illuminate\\Foundation\\Http\\Kernel->handle(Object(Illuminate\\Http\\Request))
#48 {main}
"} 
